
Running 25 tests using 2 workers

  โ“   2 [chromium] โ€บ __tests__\e2e\homepage.spec.ts:33:11 โ€บ Homepage E2E Tests โ€บ locale pages load โ€บ /th should render without 404/500 (10.8s)
  โ“   3 [chromium] โ€บ __tests__\e2e\homepage.spec.ts:33:11 โ€บ Homepage E2E Tests โ€บ locale pages load โ€บ /en should render without 404/500 (21.8s)
  โ“   1 [chromium] โ€บ __tests__\e2e\homepage.spec.ts:14:7 โ€บ Homepage E2E Tests โ€บ redirects / to default locale (33.9s)
  โ“   5 [chromium] โ€บ __tests__\e2e\homepage.spec.ts:58:7 โ€บ Homepage E2E Tests โ€บ case study page renders content (9.9s)
  โ“   4 [chromium] โ€บ __tests__\e2e\homepage.spec.ts:41:7 โ€บ Homepage E2E Tests โ€บ homepage shows key sections (35.5s)
  โ“   6 [firefox] โ€บ __tests__\e2e\homepage.spec.ts:14:7 โ€บ Homepage E2E Tests โ€บ redirects / to default locale (34.6s)
  โ“   7 [firefox] โ€บ __tests__\e2e\homepage.spec.ts:33:11 โ€บ Homepage E2E Tests โ€บ locale pages load โ€บ /en should render without 404/500 (4.2s)
  โ“   8 [firefox] โ€บ __tests__\e2e\homepage.spec.ts:41:7 โ€บ Homepage E2E Tests โ€บ homepage shows key sections (5.1s)
  โ“   9 [firefox] โ€บ __tests__\e2e\homepage.spec.ts:58:7 โ€บ Homepage E2E Tests โ€บ case study page renders content (6.7s)
  โ“  10 [firefox] โ€บ __tests__\e2e\homepage.spec.ts:33:11 โ€บ Homepage E2E Tests โ€บ locale pages load โ€บ /th should render without 404/500 (8.9s)
  โ“  12 [webkit] โ€บ __tests__\e2e\homepage.spec.ts:33:11 โ€บ Homepage E2E Tests โ€บ locale pages load โ€บ /th should render without 404/500 (6.7s)
  โ“  13 [webkit] โ€บ __tests__\e2e\homepage.spec.ts:33:11 โ€บ Homepage E2E Tests โ€บ locale pages load โ€บ /en should render without 404/500 (7.4s)
  โ“  14 [webkit] โ€บ __tests__\e2e\homepage.spec.ts:41:7 โ€บ Homepage E2E Tests โ€บ homepage shows key sections (9.0s)
  โ“  11 [webkit] โ€บ __tests__\e2e\homepage.spec.ts:14:7 โ€บ Homepage E2E Tests โ€บ redirects / to default locale (32.3s)
  โ“  15 [webkit] โ€บ __tests__\e2e\homepage.spec.ts:58:7 โ€บ Homepage E2E Tests โ€บ case study page renders content (10.0s)
  โ“  17 [Mobile Chrome] โ€บ __tests__\e2e\homepage.spec.ts:33:11 โ€บ Homepage E2E Tests โ€บ locale pages load โ€บ /th should render without 404/500 (4.3s)
  โ“  18 [Mobile Chrome] โ€บ __tests__\e2e\homepage.spec.ts:33:11 โ€บ Homepage E2E Tests โ€บ locale pages load โ€บ /en should render without 404/500 (11.7s)
  โ“  19 [Mobile Chrome] โ€บ __tests__\e2e\homepage.spec.ts:41:7 โ€บ Homepage E2E Tests โ€บ homepage shows key sections (4.9s)
  โ“  16 [Mobile Chrome] โ€บ __tests__\e2e\homepage.spec.ts:14:7 โ€บ Homepage E2E Tests โ€บ redirects / to default locale (33.0s)
  โ“  20 [Mobile Chrome] โ€บ __tests__\e2e\homepage.spec.ts:58:7 โ€บ Homepage E2E Tests โ€บ case study page renders content (6.4s)
  โ“  22 [Mobile Safari] โ€บ __tests__\e2e\homepage.spec.ts:33:11 โ€บ Homepage E2E Tests โ€บ locale pages load โ€บ /th should render without 404/500 (6.7s)
  โ“  23 [Mobile Safari] โ€บ __tests__\e2e\homepage.spec.ts:33:11 โ€บ Homepage E2E Tests โ€บ locale pages load โ€บ /en should render without 404/500 (5.5s)
  โ“  24 [Mobile Safari] โ€บ __tests__\e2e\homepage.spec.ts:41:7 โ€บ Homepage E2E Tests โ€บ homepage shows key sections (5.3s)
  โ“  21 [Mobile Safari] โ€บ __tests__\e2e\homepage.spec.ts:14:7 โ€บ Homepage E2E Tests โ€บ redirects / to default locale (32.6s)
  โ“  25 [Mobile Safari] โ€บ __tests__\e2e\homepage.spec.ts:58:7 โ€บ Homepage E2E Tests โ€บ case study page renders content (18.2s)

  25 passed (5.0m)
